[ec2-user@ip-172-31-13-133 modules]$ sudo ansible localhost -m group -a "name=deploy state=present"
localhost | CHANGED => {
    "changed": true,
    "gid": 1001,
    "name": "deploy",
    "state": "present",
    "system": false
}
[ec2-user@ip-172-31-13-133 modules]$ more /etc/group | grep deploy
deploy:x:1001:
[ec2-user@ip-172-31-13-133 modules]$ sudo ansible localhost -m user -a "name=deploy-user shell=/bin/bash groups=deploy"
localhost | CHANGED => {
    "changed": true,
    "comment": "",
    "create_home": true,
    "group": 1002,
    "groups": "deploy",
    "home": "/home/deploy-user",
    "name": "deploy-user",
    "shell": "/bin/bash",
    "state": "present",
    "system": false,
    "uid": 1001
}
[ec2-user@ip-172-31-13-133 modules]$ more /etc/group | grep deploy
deploy:x:1001:deploy-user
deploy-user:x:1002:
[ec2-user@ip-172-31-13-133 modules]$ sudo ansible localhost -m package -a "name=httpd"  localhost | CHANGED => {
    "changed": true,
    "changes": {
        "installed": [
            "httpd"
        ]
    },
    "msg": "",
    "rc": 0,
    "results": [
        "Loaded plugins: amazon-id, rhui-lb, search-disabled-repos\nResolving Dependencies\n--> Running transaction check\n---> Package httpd.x86_64 0:2.4.6-93.el7 will be installed\n--> Processing Dependency: httpd-tools = 2.4.6-93.el7 for package: httpd-2.4.6-93.el7.x86_64\n--> Processing Dependency: system-logos >= 7.92.1-1 for package: httpd-2.4.6-93.el7.x86_64\n--> Processing Dependency: /etc/mime.types for package: httpd-2.4.6-93.el7.x86_64\n--> Processing Dependency: libaprutil-1.so.0()(64bit) for package: httpd-2.4.6-93.el7.x86_64\n--> Processing Dependency: libapr-1.so.0()(64bit) for package: httpd-2.4.6-93.el7.x86_64\n--> Running transaction check\n---> Package apr.x86_64 0:1.4.8-5.el7 will be installed\n---> Package apr-util.x86_64 0:1.5.2-6.el7 will be installed\n---> Package httpd-tools.x86_64 0:2.4.6-93.el7 will be installed\n---> Package mailcap.noarch 0:2.1.41-2.el7 will be installed\n---> Package redhat-logos.noarch 0:70.7.0-1.el7 will be installed\n--> Finished Dependency Resolution\n\nDependencies Resolved\n\n================================================================================\n Package       Arch    Version          Repository                         Size\n================================================================================\nInstalling:\n httpd         x86_64  2.4.6-93.el7     rhui-REGION-rhel-server-releases  1.2 M\nInstalling for dependencies:\n apr           x86_64  1.4.8-5.el7      rhui-REGION-rhel-server-releases  104 k\n apr-util      x86_64  1.5.2-6.el7      rhui-REGION-rhel-server-releases   92 k\n httpd-tools   x86_64  2.4.6-93.el7     rhui-REGION-rhel-server-releases   92 k\n mailcap       noarch  2.1.41-2.el7     rhui-REGION-rhel-server-releases   31 k\n redhat-logos  noarch  70.7.0-1.el7     rhui-REGION-rhel-server-releases   13 M\n\nTransaction Summary\n================================================================================\nInstall  1 Package (+5 Dependent packages)\n\nTotal download size: 15 M\nInstalled size: 18 M\nDownloading packages:\n--------------------------------------------------------------------------------\nTotal                                              2.6 MB/s |  15 MB  00:05     \nRunning transaction check\nRunning transaction test\nTransaction test succeeded\nRunning transaction\n  Installing : apr-1.4.8-5.el7.x86_64                                       1/6 \n  Installing : apr-util-1.5.2-6.el7.x86_64                                  2/6 \n  Installing : httpd-tools-2.4.6-93.el7.x86_64                              3/6 \n  Installing : redhat-logos-70.7.0-1.el7.noarch                             4/6 \n  Installing : mailcap-2.1.41-2.el7.noarch                                  5/6 \n  Installing : httpd-2.4.6-93.el7.x86_64                                    6/6 \n  Verifying  : mailcap-2.1.41-2.el7.noarch                                  1/6 \n  Verifying  : apr-util-1.5.2-6.el7.x86_64                                  2/6 \n  Verifying  : apr-1.4.8-5.el7.x86_64                                       3/6 \n  Verifying  : httpd-2.4.6-93.el7.x86_64                                    4/6 \n  Verifying  : redhat-logos-70.7.0-1.el7.noarch                             5/6 \n  Verifying  : httpd-tools-2.4.6-93.el7.x86_64                              6/6 \n\nInstalled:\n  httpd.x86_64 0:2.4.6-93.el7                                                   \n\nDependency Installed:\n  apr.x86_64 0:1.4.8-5.el7                  apr-util.x86_64 0:1.5.2-6.el7       \n  httpd-tools.x86_64 0:2.4.6-93.el7         mailcap.noarch 0:2.1.41-2.el7       \n  redhat-logos.noarch 0:70.7.0-1.el7       \n\nComplete!\n"
    ]
}
[ec2-user@ip-172-31-13-133 modules]$ which httpd
/sbin/httpd
[ec2-user@ip-172-31-13-133 modules]$ sudo ansible localhost -m service -a "name=httpd state=started enabled=yes"
localhost | CHANGED => {
    "changed": true,
    "enabled": true,
    "name": "httpd",
    "state": "started",
    "status": {
        "ActiveEnterTimestampMonotonic": "0",
        "ActiveExitTimestampMonotonic": "0",
        "ActiveState": "inactive",
        "After": "system.slice nss-lookup.target network.target systemd-journald.socket -.mount basic.target remote-fs.target tmp.mount",
        "AllowIsolate": "no",
        "AmbientCapabilities": "0",
        "AssertResult": "no",
        "AssertTimestampMonotonic": "0",
        "Before": "shutdown.target",
        "BlockIOAccounting": "no",
        "BlockIOWeight": "18446744073709551615",
        "CPUAccounting": "no",
        "CPUQuotaPerSecUSec": "infinity",
        "CPUSchedulingPolicy": "0",
        "CPUSchedulingPriority": "0",
        "CPUSchedulingResetOnFork": "no",
        "CPUShares": "18446744073709551615",
        "CanIsolate": "no",
        "CanReload": "yes",
        "CanStart": "yes",
        "CanStop": "yes",
        "CapabilityBoundingSet": "18446744073709551615",
        "ConditionResult": "no",
        "ConditionTimestampMonotonic": "0",
        "Conflicts": "shutdown.target",
        "ControlPID": "0",
        "DefaultDependencies": "yes",
        "Delegate": "no",
        "Description": "The Apache HTTP Server",
        "DevicePolicy": "auto",
        "Documentation": "man:httpd(8) man:apachectl(8)",
        "EnvironmentFile": "/etc/sysconfig/httpd (ignore_errors=no)",
        "ExecMainCode": "0",
        "ExecMainExitTimestampMonotonic": "0",
        "ExecMainPID": "0",
        "ExecMainStartTimestampMonotonic": "0",
        "ExecMainStatus": "0",
        "ExecReload": "{ path=/usr/sbin/httpd ; argv[]=/usr/sbin/httpd $OPTIONS -k graceful ; ignore_errors=no ; start_time=[n/a] ; stop_time=[n/a] ; pid=0 ; code=(null) ; status=0/0 }",
        "ExecStart": "{ path=/usr/sbin/httpd ; argv[]=/usr/sbin/httpd $OPTIONS -DFOREGROUND ; ignore_errors=no ; start_time=[n/a] ; stop_time=[n/a] ; pid=0 ; code=(null) ; status=0/0 }",
        "ExecStop": "{ path=/bin/kill ; argv[]=/bin/kill -WINCH ${MAINPID} ; ignore_errors=no ; start_time=[n/a] ; stop_time=[n/a] ; pid=0 ; code=(null) ; status=0/0 }",
        "FailureAction": "none",
        "FileDescriptorStoreMax": "0",
        "FragmentPath": "/usr/lib/systemd/system/httpd.service",
        "GuessMainPID": "yes",
        "IOScheduling": "0",
        "Id": "httpd.service",
        "IgnoreOnIsolate": "no",
        "IgnoreOnSnapshot": "no",
        "IgnoreSIGPIPE": "yes",
        "InactiveEnterTimestampMonotonic": "0",
        "InactiveExitTimestampMonotonic": "0",
        "JobTimeoutAction": "none",
        "JobTimeoutUSec": "0",
        "KillMode": "control-group",
        "KillSignal": "18",
        "LimitAS": "18446744073709551615",
        "LimitCORE": "18446744073709551615",
        "LimitCPU": "18446744073709551615",
        "LimitDATA": "18446744073709551615",
        "LimitFSIZE": "18446744073709551615",
        "LimitLOCKS": "18446744073709551615",
        "LimitMEMLOCK": "65536",
        "LimitMSGQUEUE": "819200",
        "LimitNICE": "0",
        "LimitNOFILE": "4096",
        "LimitNPROC": "7175",
        "LimitRSS": "18446744073709551615",
        "LimitRTPRIO": "0",
        "LimitRTTIME": "18446744073709551615",
        "LimitSIGPENDING": "7175",
        "LimitSTACK": "18446744073709551615",
        "LoadState": "loaded",
        "MainPID": "0",
        "MemoryAccounting": "no",
        "MemoryCurrent": "18446744073709551615",
        "MemoryLimit": "18446744073709551615",
        "MountFlags": "0",
        "Names": "httpd.service",
        "NeedDaemonReload": "no",
        "Nice": "0",
        "NoNewPrivileges": "no",
        "NonBlocking": "no",
        "NotifyAccess": "main",
        "OOMScoreAdjust": "0",
        "OnFailureJobMode": "replace",
        "PermissionsStartOnly": "no",
        "PrivateDevices": "no",
        "PrivateNetwork": "no",
        "PrivateTmp": "yes",
        "ProtectHome": "no",
        "ProtectSystem": "no",
        "RefuseManualStart": "no",
        "RefuseManualStop": "no",
        "RemainAfterExit": "no",
        "Requires": "-.mount basic.target",
        "RequiresMountsFor": "/var/tmp",
        "Restart": "no",
        "RestartUSec": "100ms",
        "Result": "success",
        "RootDirectoryStartOnly": "no",
        "RuntimeDirectoryMode": "0755",
        "SameProcessGroup": "no",
        "SecureBits": "0",
        "SendSIGHUP": "no",
        "SendSIGKILL": "yes",
        "Slice": "system.slice",
        "StandardError": "inherit",
        "StandardInput": "null",
        "StandardOutput": "journal",
        "StartLimitAction": "none",
        "StartLimitBurst": "5",
        "StartLimitInterval": "10000000",
        "StartupBlockIOWeight": "18446744073709551615",
        "StartupCPUShares": "18446744073709551615",
        "StatusErrno": "0",
        "StopWhenUnneeded": "no",
        "SubState": "dead",
        "SyslogLevelPrefix": "yes",
        "SyslogPriority": "30",
        "SystemCallErrorNumber": "0",
        "TTYReset": "no",
        "TTYVHangup": "no",
        "TTYVTDisallocate": "no",
        "TasksAccounting": "no",
        "TasksCurrent": "18446744073709551615",
        "TasksMax": "18446744073709551615",
        "TimeoutStartUSec": "1min 30s",
        "TimeoutStopUSec": "1min 30s",
        "TimerSlackNSec": "50000",
        "Transient": "no",
        "Type": "notify",
        "UMask": "0022",
        "UnitFilePreset": "disabled",
        "UnitFileState": "disabled",
        "Wants": "system.slice",
        "WatchdogTimestampMonotonic": "0",
        "WatchdogUSec": "0"
    }
}
[ec2-user@ip-172-31-13-133 modules]$ ps -eaf | grep httpd
root     17613     1  0 18:57 ?        00:00:00 /usr/sbin/httpd -DFOREGROUND
apache   17614 17613  0 18:57 ?        00:00:00 /usr/sbin/httpd -DFOREGROUND
apache   17615 17613  0 18:57 ?        00:00:00 /usr/sbin/httpd -DFOREGROUND
apache   17616 17613  0 18:57 ?        00:00:00 /usr/sbin/httpd -DFOREGROUND
apache   17617 17613  0 18:57 ?        00:00:00 /usr/sbin/httpd -DFOREGROUND
apache   17618 17613  0 18:57 ?        00:00:00 /usr/sbin/httpd -DFOREGROUND
ec2-user 17626 17264  0 18:58 pts/0    00:00:00 grep --color=auto httpd
[ec2-user@ip-172-31-13-133 modules]$ sudo ansible localhost -m lineinfile -a "path=/var/www/html/index.html line=hello-world create=yes"
localhost | CHANGED => {
    "backup": "",
    "changed": true,
    "msg": "line added"
}
[ec2-user@ip-172-31-13-133 modules]$ cat /var/www/html/index.html
hello-world
[ec2-user@ip-172-31-13-133 modules]$ sudo ansible localhost -m copy -a "src=/var/www/html/index.html dest=/var/www/html/second.html"
localhost | CHANGED => {
    "changed": true,
    "checksum": "736dbccbc8326fcaed0fcb546fcc90034dbb7dff",
    "dest": "/var/www/html/second.html",
    "gid": 0,
    "group": "root",
    "md5sum": "8a8933dab8deebe52e30886da1ef6ee2",
    "mode": "0644",
    "owner": "root",
    "secontext": "system_u:object_r:httpd_sys_content_t:s0",
    "size": 12,
    "src": "/root/.ansible/tmp/ansible-tmp-1592593976.44-17716-37027800892603/source",
    "state": "file",
    "uid": 0
}
[ec2-user@ip-172-31-13-133 modules]$ cat /var/www/html/second.html                      hello-world

[ec2-user@ip-172-31-13-133 modules]$ sudo ansible localhost -m package -a "name=git state=present"
localhost | CHANGED => {
    "changed": true,
    "changes": {
        "installed": [
            "git"
        ]
    },
    "msg": "",
    "rc": 0,
    "results": [
        "Loaded plugins: amazon-id, rhui-lb, search-disabled-repos\nResolving Dependencies\n--> Running transaction check\n---> Package git.x86_64 0:1.8.3.1-23.el7_8 will be installed\n--> Processing Dependency: perl-Git = 1.8.3.1-23.el7_8 for package: git-1.8.3.1-23.el7_8.x86_64\n--> Processing Dependency: perl >= 5.008 for package: git-1.8.3.1-23.el7_8.x86_64\n--> Processing Dependency: perl(warnings) for package: git-1.8.3.1-23.el7_8.x86_64\n--> Processing Dependency: perl(vars) for package: git-1.8.3.1-23.el7_8.x86_64\n--> Processing Dependency: perl(strict) for package: git-1.8.3.1-23.el7_8.x86_64\n--> Processing Dependency: perl(lib) for package: git-1.8.3.1-23.el7_8.x86_64\n--> Processing Dependency: perl(Term::ReadKey) for package: git-1.8.3.1-23.el7_8.x86_64\n--> Processing Dependency: perl(Git) for package: git-1.8.3.1-23.el7_8.x86_64\n--> Processing Dependency: perl(Getopt::Long) for package: git-1.8.3.1-23.el7_8.x86_64\n--> Processing Dependency: perl(File::stat) for package: git-1.8.3.1-23.el7_8.x86_64\n--> Processing Dependency: perl(File::Temp) for package: git-1.8.3.1-23.el7_8.x86_64\n--> Processing Dependency: perl(File::Spec) for package: git-1.8.3.1-23.el7_8.x86_64\n--> Processing Dependency: perl(File::Path) for package: git-1.8.3.1-23.el7_8.x86_64\n--> Processing Dependency: perl(File::Find) for package: git-1.8.3.1-23.el7_8.x86_64\n--> Processing Dependency: perl(File::Copy) for package: git-1.8.3.1-23.el7_8.x86_64\n--> Processing Dependency: perl(File::Basename) for package: git-1.8.3.1-23.el7_8.x86_64\n--> Processing Dependency: perl(Exporter) for package: git-1.8.3.1-23.el7_8.x86_64\n--> Processing Dependency: perl(Error) for package: git-1.8.3.1-23.el7_8.x86_64\n--> Processing Dependency: /usr/bin/perl for package: git-1.8.3.1-23.el7_8.x86_64\n--> Running transaction check\n---> Package perl.x86_64 4:5.16.3-295.el7 will be installed\n--> Processing Dependency: perl-libs = 4:5.16.3-295.el7 for package: 4:perl-5.16.3-295.el7.x86_64\n--> Processing Dependency: perl(Socket) >= 1.3 for package: 4:perl-5.16.3-295.el7.x86_64\n--> Processing Dependency: perl(Scalar::Util) >= 1.10 for package: 4:perl-5.16.3-295.el7.x86_64\n--> Processing Dependency: perl-macros for package: 4:perl-5.16.3-295.el7.x86_64\n--> Processing Dependency: perl-libs for package: 4:perl-5.16.3-295.el7.x86_64\n--> Processing Dependency: perl(threads::shared) for package: 4:perl-5.16.3-295.el7.x86_64\n--> Processing Dependency: perl(threads) for package: 4:perl-5.16.3-295.el7.x86_64\n--> Processing Dependency: perl(constant) for package: 4:perl-5.16.3-295.el7.x86_64\n--> Processing Dependency: perl(Time::Local) for package: 4:perl-5.16.3-295.el7.x86_64\n--> Processing Dependency: perl(Time::HiRes) for package: 4:perl-5.16.3-295.el7.x86_64\n--> Processing Dependency: perl(Storable) for package: 4:perl-5.16.3-295.el7.x86_64\n--> Processing Dependency: perl(Socket) for package: 4:perl-5.16.3-295.el7.x86_64\n--> Processing Dependency: perl(Scalar::Util) for package: 4:perl-5.16.3-295.el7.x86_64\n--> Processing Dependency: perl(Pod::Simple::XHTML) for package: 4:perl-5.16.3-295.el7.x86_64\n--> Processing Dependency: perl(Pod::Simple::Search) for package: 4:perl-5.16.3-295.el7.x86_64\n--> Processing Dependency: perl(Filter::Util::Call) for package: 4:perl-5.16.3-295.el7.x86_64\n--> Processing Dependency: perl(Carp) for package: 4:perl-5.16.3-295.el7.x86_64\n--> Processing Dependency: libperl.so()(64bit) for package: 4:perl-5.16.3-295.el7.x86_64\n---> Package perl-Error.noarch 1:0.17020-2.el7 will be installed\n---> Package perl-Exporter.noarch 0:5.68-3.el7 will be installed\n---> Package perl-File-Path.noarch 0:2.09-2.el7 will be installed\n---> Package perl-File-Temp.noarch 0:0.23.01-3.el7 will be installed\n---> Package perl-Getopt-Long.noarch 0:2.40-3.el7 will be installed\n--> Processing Dependency: perl(Pod::Usage) >= 1.14 for package: perl-Getopt-Long-2.40-3.el7.noarch\n--> Processing Dependency: perl(Text::ParseWords) for package: perl-Getopt-Long-2.40-3.el7.noarch\n---> Package perl-Git.noarch 0:1.8.3.1-23.el7_8 will be installed\n---> Package perl-PathTools.x86_64 0:3.40-5.el7 will be installed\n---> Package perl-TermReadKey.x86_64 0:2.30-20.el7 will be installed\n--> Running transaction check\n---> Package perl-Carp.noarch 0:1.26-244.el7 will be installed\n---> Package perl-Filter.x86_64 0:1.49-3.el7 will be installed\n---> Package perl-Pod-Simple.noarch 1:3.28-4.el7 will be installed\n--> Processing Dependency: perl(Pod::Escapes) >= 1.04 for package: 1:perl-Pod-Simple-3.28-4.el7.noarch\n--> Processing Dependency: perl(Encode) for package: 1:perl-Pod-Simple-3.28-4.el7.noarch\n---> Package perl-Pod-Usage.noarch 0:1.63-3.el7 will be installed\n--> Processing Dependency: perl(Pod::Text) >= 3.15 for package: perl-Pod-Usage-1.63-3.el7.noarch\n--> Processing Dependency: perl-Pod-Perldoc for package: perl-Pod-Usage-1.63-3.el7.noarch\n---> Package perl-Scalar-List-Utils.x86_64 0:1.27-248.el7 will be installed\n---> Package perl-Socket.x86_64 0:2.010-5.el7 will be installed\n---> Package perl-Storable.x86_64 0:2.45-3.el7 will be installed\n---> Package perl-Text-ParseWords.noarch 0:3.29-4.el7 will be installed\n---> Package perl-Time-HiRes.x86_64 4:1.9725-3.el7 will be installed\n---> Package perl-Time-Local.noarch 0:1.2300-2.el7 will be installed\n---> Package perl-constant.noarch 0:1.27-2.el7 will be installed\n---> Package perl-libs.x86_64 4:5.16.3-295.el7 will be installed\n---> Package perl-macros.x86_64 4:5.16.3-295.el7 will be installed\n---> Package perl-threads.x86_64 0:1.87-4.el7 will be installed\n---> Package perl-threads-shared.x86_64 0:1.43-6.el7 will be installed\n--> Running transaction check\n---> Package perl-Encode.x86_64 0:2.51-7.el7 will be installed\n---> Package perl-Pod-Escapes.noarch 1:1.04-295.el7 will be installed\n---> Package perl-Pod-Perldoc.noarch 0:3.20-4.el7 will be installed\n--> Processing Dependency: perl(parent) for package: perl-Pod-Perldoc-3.20-4.el7.noarch\n--> Processing Dependency: perl(HTTP::Tiny) for package: perl-Pod-Perldoc-3.20-4.el7.noarch\n---> Package perl-podlators.noarch 0:2.5.1-3.el7 will be installed\n--> Running transaction check\n---> Package perl-HTTP-Tiny.noarch 0:0.033-3.el7 will be installed\n---> Package perl-parent.noarch 1:0.225-244.el7 will be installed\n--> Finished Dependency Resolution\n\nDependencies Resolved\n\n================================================================================\n Package         Arch   Version          Repository                        Size\n================================================================================\nInstalling:\n git             x86_64 1.8.3.1-23.el7_8 rhui-REGION-rhel-server-releases 4.4 M\nInstalling for dependencies:\n perl            x86_64 4:5.16.3-295.el7 rhui-REGION-rhel-server-releases 8.0 M\n perl-Carp       noarch 1.26-244.el7     rhui-REGION-rhel-server-releases  19 k\n perl-Encode     x86_64 2.51-7.el7       rhui-REGION-rhel-server-releases 1.5 M\n perl-Error      noarch 1:0.17020-2.el7  rhui-REGION-rhel-server-releases  32 k\n perl-Exporter   noarch 5.68-3.el7       rhui-REGION-rhel-server-releases  28 k\n perl-File-Path  noarch 2.09-2.el7       rhui-REGION-rhel-server-releases  27 k\n perl-File-Temp  noarch 0.23.01-3.el7    rhui-REGION-rhel-server-releases  56 k\n perl-Filter     x86_64 1.49-3.el7       rhui-REGION-rhel-server-releases  76 k\n perl-Getopt-Long\n                 noarch 2.40-3.el7       rhui-REGION-rhel-server-releases  56 k\n perl-Git        noarch 1.8.3.1-23.el7_8 rhui-REGION-rhel-server-releases  56 k\n perl-HTTP-Tiny  noarch 0.033-3.el7      rhui-REGION-rhel-server-releases  38 k\n perl-PathTools  x86_64 3.40-5.el7       rhui-REGION-rhel-server-releases  83 k\n perl-Pod-Escapes\n                 noarch 1:1.04-295.el7   rhui-REGION-rhel-server-releases  51 k\n perl-Pod-Perldoc\n                 noarch 3.20-4.el7       rhui-REGION-rhel-server-releases  87 k\n perl-Pod-Simple noarch 1:3.28-4.el7     rhui-REGION-rhel-server-releases 216 k\n perl-Pod-Usage  noarch 1.63-3.el7       rhui-REGION-rhel-server-releases  27 k\n perl-Scalar-List-Utils\n                 x86_64 1.27-248.el7     rhui-REGION-rhel-server-releases  36 k\n perl-Socket     x86_64 2.010-5.el7      rhui-REGION-rhel-server-releases  49 k\n perl-Storable   x86_64 2.45-3.el7       rhui-REGION-rhel-server-releases  77 k\n perl-TermReadKey\n                 x86_64 2.30-20.el7      rhui-REGION-rhel-server-releases  31 k\n perl-Text-ParseWords\n                 noarch 3.29-4.el7       rhui-REGION-rhel-server-releases  14 k\n perl-Time-HiRes x86_64 4:1.9725-3.el7   rhui-REGION-rhel-server-releases  45 k\n perl-Time-Local noarch 1.2300-2.el7     rhui-REGION-rhel-server-releases  24 k\n perl-constant   noarch 1.27-2.el7       rhui-REGION-rhel-server-releases  19 k\n perl-libs       x86_64 4:5.16.3-295.el7 rhui-REGION-rhel-server-releases 689 k\n perl-macros     x86_64 4:5.16.3-295.el7 rhui-REGION-rhel-server-releases  44 k\n perl-parent     noarch 1:0.225-244.el7  rhui-REGION-rhel-server-releases  12 k\n perl-podlators  noarch 2.5.1-3.el7      rhui-REGION-rhel-server-releases 112 k\n perl-threads    x86_64 1.87-4.el7       rhui-REGION-rhel-server-releases  49 k\n perl-threads-shared\n                 x86_64 1.43-6.el7       rhui-REGION-rhel-server-releases  39 k\n\nTransaction Summary\n================================================================================\nInstall  1 Package (+30 Dependent packages)\n\nTotal download size: 16 M\nInstalled size: 59 M\nDownloading packages:\n--------------------------------------------------------------------------------\nTotal                                               11 MB/s |  16 MB  00:01     \nRunning transaction check\nRunning transaction test\nTransaction test succeeded\nRunning transaction\n  Installing : 1:perl-parent-0.225-244.el7.noarch                          1/31 \n  Installing : perl-HTTP-Tiny-0.033-3.el7.noarch                           2/31 \n  Installing : perl-podlators-2.5.1-3.el7.noarch                           3/31 \n  Installing : perl-Pod-Perldoc-3.20-4.el7.noarch                          4/31 \n  Installing : 1:perl-Pod-Escapes-1.04-295.el7.noarch                      5/31 \n  Installing : perl-Text-ParseWords-3.29-4.el7.noarch                      6/31 \n  Installing : perl-Encode-2.51-7.el7.x86_64                               7/31 \n  Installing : perl-Pod-Usage-1.63-3.el7.noarch                            8/31 \n  Installing : 4:perl-libs-5.16.3-295.el7.x86_64                           9/31 \n  Installing : 4:perl-macros-5.16.3-295.el7.x86_64                        10/31 \n  Installing : perl-Storable-2.45-3.el7.x86_64                            11/31 \n  Installing : perl-Exporter-5.68-3.el7.noarch                            12/31 \n  Installing : perl-constant-1.27-2.el7.noarch                            13/31 \n  Installing : perl-Socket-2.010-5.el7.x86_64                             14/31 \n  Installing : perl-Time-Local-1.2300-2.el7.noarch                        15/31 \n  Installing : perl-Carp-1.26-244.el7.noarch                              16/31 \n  Installing : 4:perl-Time-HiRes-1.9725-3.el7.x86_64                      17/31 \n  Installing : perl-PathTools-3.40-5.el7.x86_64                           18/31 \n  Installing : perl-Scalar-List-Utils-1.27-248.el7.x86_64                 19/31 \n  Installing : perl-File-Temp-0.23.01-3.el7.noarch                        20/31 \n  Installing : perl-File-Path-2.09-2.el7.noarch                           21/31 \n  Installing : perl-threads-shared-1.43-6.el7.x86_64                      22/31 \n  Installing : perl-threads-1.87-4.el7.x86_64                             23/31 \n  Installing : perl-Filter-1.49-3.el7.x86_64                              24/31 \n  Installing : 1:perl-Pod-Simple-3.28-4.el7.noarch                        25/31 \n  Installing : perl-Getopt-Long-2.40-3.el7.noarch                         26/31 \n  Installing : 4:perl-5.16.3-295.el7.x86_64                               27/31 \n  Installing : 1:perl-Error-0.17020-2.el7.noarch                          28/31 \n  Installing : perl-TermReadKey-2.30-20.el7.x86_64                        29/31 \n  Installing : git-1.8.3.1-23.el7_8.x86_64                                30/31 \n  Installing : perl-Git-1.8.3.1-23.el7_8.noarch                           31/31 \n  Verifying  : perl-HTTP-Tiny-0.033-3.el7.noarch                           1/31 \n  Verifying  : perl-threads-shared-1.43-6.el7.x86_64                       2/31 \n  Verifying  : perl-Storable-2.45-3.el7.x86_64                             3/31 \n  Verifying  : 1:perl-Pod-Escapes-1.04-295.el7.noarch                      4/31 \n  Verifying  : perl-Exporter-5.68-3.el7.noarch                             5/31 \n  Verifying  : perl-constant-1.27-2.el7.noarch                             6/31 \n  Verifying  : perl-PathTools-3.40-5.el7.x86_64                            7/31 \n  Verifying  : perl-Socket-2.010-5.el7.x86_64                              8/31 \n  Verifying  : git-1.8.3.1-23.el7_8.x86_64                                 9/31 \n  Verifying  : 1:perl-parent-0.225-244.el7.noarch                         10/31 \n  Verifying  : perl-TermReadKey-2.30-20.el7.x86_64                        11/31 \n  Verifying  : 4:perl-libs-5.16.3-295.el7.x86_64                          12/31 \n  Verifying  : perl-File-Temp-0.23.01-3.el7.noarch                        13/31 \n  Verifying  : 1:perl-Pod-Simple-3.28-4.el7.noarch                        14/31 \n  Verifying  : perl-Time-Local-1.2300-2.el7.noarch                        15/31 \n  Verifying  : 4:perl-macros-5.16.3-295.el7.x86_64                        16/31 \n  Verifying  : 4:perl-5.16.3-295.el7.x86_64                               17/31 \n  Verifying  : perl-Carp-1.26-244.el7.noarch                              18/31 \n  Verifying  : 1:perl-Error-0.17020-2.el7.noarch                          19/31 \n  Verifying  : 4:perl-Time-HiRes-1.9725-3.el7.x86_64                      20/31 \n  Verifying  : perl-Scalar-List-Utils-1.27-248.el7.x86_64                 21/31 \n  Verifying  : perl-Pod-Usage-1.63-3.el7.noarch                           22/31 \n  Verifying  : perl-Encode-2.51-7.el7.x86_64                              23/31 \n  Verifying  : perl-Pod-Perldoc-3.20-4.el7.noarch                         24/31 \n  Verifying  : perl-podlators-2.5.1-3.el7.noarch                          25/31 \n  Verifying  : perl-File-Path-2.09-2.el7.noarch                           26/31 \n  Verifying  : perl-threads-1.87-4.el7.x86_64                             27/31 \n  Verifying  : perl-Git-1.8.3.1-23.el7_8.noarch                           28/31 \n  Verifying  : perl-Filter-1.49-3.el7.x86_64                              29/31 \n  Verifying  : perl-Getopt-Long-2.40-3.el7.noarch                         30/31 \n  Verifying  : perl-Text-ParseWords-3.29-4.el7.noarch                     31/31 \n\nInstalled:\n  git.x86_64 0:1.8.3.1-23.el7_8                                                 \n\nDependency Installed:\n  perl.x86_64 4:5.16.3-295.el7                                                  \n  perl-Carp.noarch 0:1.26-244.el7                                               \n  perl-Encode.x86_64 0:2.51-7.el7                                               \n  perl-Error.noarch 1:0.17020-2.el7                                             \n  perl-Exporter.noarch 0:5.68-3.el7                                             \n  perl-File-Path.noarch 0:2.09-2.el7                                            \n  perl-File-Temp.noarch 0:0.23.01-3.el7                                         \n  perl-Filter.x86_64 0:1.49-3.el7                                               \n  perl-Getopt-Long.noarch 0:2.40-3.el7                                          \n  perl-Git.noarch 0:1.8.3.1-23.el7_8                                            \n  perl-HTTP-Tiny.noarch 0:0.033-3.el7                                           \n  perl-PathTools.x86_64 0:3.40-5.el7                                            \n  perl-Pod-Escapes.noarch 1:1.04-295.el7                                        \n  perl-Pod-Perldoc.noarch 0:3.20-4.el7                                          \n  perl-Pod-Simple.noarch 1:3.28-4.el7                                           \n  perl-Pod-Usage.noarch 0:1.63-3.el7                                            \n  perl-Scalar-List-Utils.x86_64 0:1.27-248.el7                                  \n  perl-Socket.x86_64 0:2.010-5.el7                                              \n  perl-Storable.x86_64 0:2.45-3.el7                                             \n  perl-TermReadKey.x86_64 0:2.30-20.el7                                         \n  perl-Text-ParseWords.noarch 0:3.29-4.el7                                      \n  perl-Time-HiRes.x86_64 4:1.9725-3.el7                                         \n  perl-Time-Local.noarch 0:1.2300-2.el7                                         \n  perl-constant.noarch 0:1.27-2.el7                                             \n  perl-libs.x86_64 4:5.16.3-295.el7                                             \n  perl-macros.x86_64 4:5.16.3-295.el7                                           \n  perl-parent.noarch 1:0.225-244.el7                                            \n  perl-podlators.noarch 0:2.5.1-3.el7                                           \n  perl-threads.x86_64 0:1.87-4.el7                                              \n  perl-threads-shared.x86_64 0:1.43-6.el7                                       \n\nComplete!\n"
    ]
}
[ec2-user@ip-172-31-13-133 modules]$ sudo ansible localhost -m package -a "name=wget state=present"
localhost | SUCCESS => {
    "changed": false,
    "msg": "",
    "rc": 0,
    "results": [
        "wget-1.14-18.el7_6.1.x86_64 providing wget is already installed"
    ]
}
[ec2-user@ip-172-31-13-133 modules]$ which git
/bin/git
[ec2-user@ip-172-31-13-133 modules]$ which wget
/bin/wget
[ec2-user@ip-172-31-13-133 modules]$ sudo ansible localhost -m command -a "git clone https://github.com/scmgalaxy/ansible-role-template"
localhost | CHANGED | rc=0 >>
Cloning into 'ansible-role-template'...
[ec2-user@ip-172-31-13-133 modules]$ ls
ansible-role-template  identity      net_tools          system
cloud                  __init__.py   network            utilities
clustering             __init__.pyc  notification       web_infrastructure
commands               __init__.pyo  packaging          windows
crypto                 inventory     remote_management
database               messaging     source_control
files                  monitoring    storage
sudo ansible localhost -m command -a "sudo reboot" 

[ec2-user@ip-172-31-13-133 modules]$ sudo ansible localhost -m file -a "state=absent path=/opt/devopsschool.txt"
localhost | SUCCESS => {
    "changed": false,
    "path": "/opt/devopsschool.txt",
    "state": "absent"
}
